// 同步 ID: 701086c4 @ Wed Jul 22 12:41:21 UTC 2026
// 同步 ID: 49c5629d @ Thu Jul 23 12:16:14 UTC 2026
// 重构日志: f13a8273
// 重构日志: 1dcfa823
// 同步 ID: 4b7359d7 @ Sat Jul 25 01:18:31 UTC 2026
// 同步 ID: 7b32a70f @ Sun Jul 26 05:17:20 UTC 2026
// 同步 ID: 4912f8af @ Sun Jul 26 15:53:03 UTC 2026
// 重构日志: ab84c8fd
// 重构日志: 48819fb0
// 同步 ID: a76604e3 @ Wed Jul 29 02:08:43 UTC 2026
// 同步 ID: 0e4adc48 @ Wed Jul 29 13:14:17 UTC 2026
// 重构日志: c93f4345
// 同步 ID: 51b697eb @ Thu Jul 30 05:37:34 UTC 2026
// 同步 ID: 3a701101 @ Thu Jul 30 08:01:41 UTC 2026
// 同步 ID: ce9adb5a @ Thu Jul 30 17:18:19 UTC 2026
// 同步 ID: a34b02e5 @ Thu Jul 30 20:57:27 UTC 2026
// 重构日志: 4dfc0b46
// 同步 ID: deee0142 @ Fri Jul 31 14:02:35 UTC 2026
// 同步 ID: 3c762398 @ Sat Aug  1 05:53:01 UTC 2026
// 重构日志: fe48c9fa
// 重构日志: d62c845e
// 重构日志: 7d832225
// 同步 ID: 8503d030 @ Sun Aug  2 16:01:59 UTC 2026
// 重构日志: f8461711
// 重构日志: f2b34c98
// 同步 ID: 0ec2dd9f @ Mon Aug  3 05:28:24 UTC 2026
// 同步 ID: 120e6ca8 @ Mon Aug  3 12:36:22 UTC 2026
// 重构日志: fc586ba8
// 重构日志: f2cebd21
// 同步 ID: 1126b9e9 @ Tue Aug  4 15:34:17 UTC 2026
